Database URL found: postgresql+asyncpg:/... (masked)
TEST: Starting Deduplication Verification...
TEST: Saving Event First Time...
[TestRunner] Saving 1 events...
python : Traceback 
(most recent call 
last):
At line:1 char:1
+ python backend/test
_dedup_logic.py > 
test_output.txt 2>&1
+ ~~~~~~~~~~~~~~~~~~~
~~~~~~~~~~~~~~~~~~~~~
~~~~~~~~~~~~~~~~~
    + CategoryInfo   
           : NotSpe  
  cified: (Traceba   
 ck (most recent     
call last)::Stri    
ng) [], RemoteEx    
ception
    + FullyQualified 
   ErrorId : Native  
  CommandError
 
  File "asyncpg\proto
col\prepared_stmt.pyx
", line 175, in async
pg.protocol.protocol.
PreparedStatementStat
e._encode_bind_msg
  File "asyncpg\proto
col\codecs/base.pyx",
 line 227, in asyncpg
.protocol.protocol.Co
dec.encode
  File "asyncpg\proto
col\codecs/base.pyx",
 line 129, in asyncpg
.protocol.protocol.Co
dec.encode_scalar
  File "asyncpg\pgpro
to\./codecs/datetime.
pyx", line 147, in as
yncpg.pgproto.pgproto
.timestamp_encode
TypeError: expected 
a datetime.date or 
datetime.datetime 
instance, got 'str'

The above exception 
was the direct cause 
of the following 
exception:

Traceback (most 
recent call last):
  File "C:\Users\sach
i\AppData\Local\Progr
ams\Python\Python311\
Lib\site-packages\sql
alchemy\dialects\post
gresql\asyncpg.py", 
line 546, in 
_prepare_and_execute
    self._rows = 
await prepared_stmt.f
etch(*parameters)
                 ^^^^
^^^^^^^^^^^^^^^^^^^^^
^^^^^^^^^^^^^
  File "C:\Users\sach
i\AppData\Local\Progr
ams\Python\Python311\
Lib\site-packages\asy
ncpg\prepared_stmt.py
", line 176, in fetch
    data = await self
.__bind_execute(args,
 0, timeout)
           ^^^^^^^^^^
^^^^^^^^^^^^^^^^^^^^^
^^^^^^^^^^^^
  File "C:\Users\sach
i\AppData\Local\Progr
ams\Python\Python311\
Lib\site-packages\asy
ncpg\prepared_stmt.py
", line 241, in 
__bind_execute
    data, status, _ 
= await 
self.__do_execute(
                     
 ^^^^^^^^^^^^^^^^^^^^
^^^^
  File "C:\Users\sach
i\AppData\Local\Progr
ams\Python\Python311\
Lib\site-packages\asy
ncpg\prepared_stmt.py
", line 230, in 
__do_execute
    return await 
executor(protocol)
           ^^^^^^^^^^
^^^^^^^^^^^^^^
  File "asyncpg\proto
col\protocol.pyx", 
line 186, in 
bind_execute
  File "asyncpg\proto
col\prepared_stmt.pyx
", line 204, in async
pg.protocol.protocol.
PreparedStatementStat
e._encode_bind_msg
asyncpg.exceptions.Da
taError: invalid 
input for query 
argument $4: '2025-01
-01T10:00:00' 
(expected a 
datetime.date or 
datetime.datetime 
instance, got 'str')

The above exception 
was the direct cause 
of the following 
exception:

Traceback (most 
recent call last):
  File "C:\Users\sach
i\AppData\Local\Progr
ams\Python\Python311\
Lib\site-packages\sql
alchemy\engine\base.p
y", line 1969, in 
_exec_single_context
    self.dialect.do_e
xecute(
  File "C:\Users\sach
i\AppData\Local\Progr
ams\Python\Python311\
Lib\site-packages\sql
alchemy\engine\defaul
t.py", line 922, in 
do_execute
    cursor.execute(st
atement, parameters)
  File "C:\Users\sach
i\AppData\Local\Progr
ams\Python\Python311\
Lib\site-packages\sql
alchemy\dialects\post
gresql\asyncpg.py", 
line 580, in execute
    self._adapt_conne
ction.await_(
  File "C:\Users\sach
i\AppData\Local\Progr
ams\Python\Python311\
Lib\site-packages\sql
alchemy\util\_concurr
ency_py3k.py", line 
130, in await_only
    return current.dr
iver.switch(awaitable
)  # type: 
ignore[no-any-return]
           ^^^^^^^^^^
^^^^^^^^^^^^^^^^^^^^^
^
  File "C:\Users\sach
i\AppData\Local\Progr
ams\Python\Python311\
Lib\site-packages\sql
alchemy\util\_concurr
ency_py3k.py", line 
195, in 
greenlet_spawn
    value = await 
result
            
^^^^^^^^^^^^
  File "C:\Users\sach
i\AppData\Local\Progr
ams\Python\Python311\
Lib\site-packages\sql
alchemy\dialects\post
gresql\asyncpg.py", 
line 558, in 
_prepare_and_execute
    self._handle_exce
ption(error)
  File "C:\Users\sach
i\AppData\Local\Progr
ams\Python\Python311\
Lib\site-packages\sql
alchemy\dialects\post
gresql\asyncpg.py", 
line 509, in 
_handle_exception
    self._adapt_conne
ction._handle_excepti
on(error)
  File "C:\Users\sach
i\AppData\Local\Progr
ams\Python\Python311\
Lib\site-packages\sql
alchemy\dialects\post
gresql\asyncpg.py", 
line 797, in 
_handle_exception
    raise 
translated_error 
from error
sqlalchemy.dialects.p
ostgresql.asyncpg.Asy
ncAdapt_asyncpg_dbapi
.Error: <class 'async
pg.exceptions.DataErr
or'>: invalid input 
for query argument 
$4: '2025-01-01T10:00
:00' (expected a 
datetime.date or 
datetime.datetime 
instance, got 'str')

The above exception 
was the direct cause 
of the following 
exception:

Traceback (most 
recent call last):
  File "E:\p1\backend
\test_dedup_logic.py"
, line 81, in 
<module>
    asyncio.run(test_
dedup())
  File "C:\Users\sach
i\AppData\Local\Progr
ams\Python\Python311\
Lib\asyncio\runners.p
y", line 190, in run
    return 
runner.run(main)
           
^^^^^^^^^^^^^^^^
  File "C:\Users\sach
i\AppData\Local\Progr
ams\Python\Python311\
Lib\asyncio\runners.p
y", line 118, in run
    return self._loop
.run_until_complete(t
ask)
           ^^^^^^^^^^
^^^^^^^^^^^^^^^^^^^^^
^^^^
  File "C:\Users\sach
i\AppData\Local\Progr
ams\Python\Python311\
Lib\asyncio\base_even
ts.py", line 653, in 
run_until_complete
    return 
future.result()
           
^^^^^^^^^^^^^^^
  File "E:\p1\backend
\test_dedup_logic.py"
, line 40, in 
test_dedup
    await save_events
([event_data], 
"TestRunner")
  File "E:\p1\backend
\robust_scrape.py", 
line 37, in 
save_events
    await 
session.commit()
  File "C:\Users\sach
i\AppData\Local\Progr
ams\Python\Python311\
Lib\site-packages\sql
alchemy\ext\asyncio\s
ession.py", line 
1011, in commit
    await greenlet_sp
awn(self.sync_session
.commit)
  File "C:\Users\sach
i\AppData\Local\Progr
ams\Python\Python311\
Lib\site-packages\sql
alchemy\util\_concurr
ency_py3k.py", line 
202, in 
greenlet_spawn
    result = 
context.switch(value)
             
^^^^^^^^^^^^^^^^^^^^^
  File "C:\Users\sach
i\AppData\Local\Progr
ams\Python\Python311\
Lib\site-packages\sql
alchemy\orm\session.p
y", line 1969, in 
commit
    trans.commit(_to_
root=True)
  File "<string>", 
line 2, in commit
  File "C:\Users\sach
i\AppData\Local\Progr
ams\Python\Python311\
Lib\site-packages\sql
alchemy\orm\state_cha
nges.py", line 139, 
in _go
    ret_value = 
fn(self, *arg, **kw)
                
^^^^^^^^^^^^^^^^^^^^
  File "C:\Users\sach
i\AppData\Local\Progr
ams\Python\Python311\
Lib\site-packages\sql
alchemy\orm\session.p
y", line 1256, in 
commit
    
self._prepare_impl()
  File "<string>", 
line 2, in 
_prepare_impl
  File "C:\Users\sach
i\AppData\Local\Progr
ams\Python\Python311\
Lib\site-packages\sql
alchemy\orm\state_cha
nges.py", line 139, 
in _go
    ret_value = 
fn(self, *arg, **kw)
                
^^^^^^^^^^^^^^^^^^^^
  File "C:\Users\sach
i\AppData\Local\Progr
ams\Python\Python311\
Lib\site-packages\sql
alchemy\orm\session.p
y", line 1231, in 
_prepare_impl
    
self.session.flush()
  File "C:\Users\sach
i\AppData\Local\Progr
ams\Python\Python311\
Lib\site-packages\sql
alchemy\orm\session.p
y", line 4312, in 
flush
    
self._flush(objects)
  File "C:\Users\sach
i\AppData\Local\Progr
ams\Python\Python311\
Lib\site-packages\sql
alchemy\orm\session.p
y", line 4447, in 
_flush
    with 
util.safe_reraise():
  File "C:\Users\sach
i\AppData\Local\Progr
ams\Python\Python311\
Lib\site-packages\sql
alchemy\util\langhelp
ers.py", line 146, 
in __exit__
    raise exc_value.w
ith_traceback(exc_tb)
  File "C:\Users\sach
i\AppData\Local\Progr
ams\Python\Python311\
Lib\site-packages\sql
alchemy\orm\session.p
y", line 4408, in 
_flush
    flush_context.exe
cute()
  File "C:\Users\sach
i\AppData\Local\Progr
ams\Python\Python311\
Lib\site-packages\sql
alchemy\orm\unitofwor
k.py", line 466, in 
execute
    rec.execute(self)
  File "C:\Users\sach
i\AppData\Local\Progr
ams\Python\Python311\
Lib\site-packages\sql
alchemy\orm\unitofwor
k.py", line 642, in 
execute
    util.preloaded.or
m_persistence.save_ob
j(
  File "C:\Users\sach
i\AppData\Local\Progr
ams\Python\Python311\
Lib\site-packages\sql
alchemy\orm\persisten
ce.py", line 93, in 
save_obj
    _emit_insert_stat
ements(
  File "C:\Users\sach
i\AppData\Local\Progr
ams\Python\Python311\
Lib\site-packages\sql
alchemy\orm\persisten
ce.py", line 1227, 
in _emit_insert_state
ments
    result = 
connection.execute(
             
^^^^^^^^^^^^^^^^^^^
  File "C:\Users\sach
i\AppData\Local\Progr
ams\Python\Python311\
Lib\site-packages\sql
alchemy\engine\base.p
y", line 1416, in 
execute
    return meth(
           ^^^^^
  File "C:\Users\sach
i\AppData\Local\Progr
ams\Python\Python311\
Lib\site-packages\sql
alchemy\sql\elements.
py", line 517, in _ex
ecute_on_connection
    return connection
._execute_clauseeleme
nt(
           ^^^^^^^^^^
^^^^^^^^^^^^^^^^^^^^^
^^^
  File "C:\Users\sach
i\AppData\Local\Progr
ams\Python\Python311\
Lib\site-packages\sql
alchemy\engine\base.p
y", line 1639, in _ex
ecute_clauseelement
    ret = self._execu
te_context(
          ^^^^^^^^^^^
^^^^^^^^^^^
  File "C:\Users\sach
i\AppData\Local\Progr
ams\Python\Python311\
Lib\site-packages\sql
alchemy\engine\base.p
y", line 1848, in 
_execute_context
    return self._exec
_single_context(
           ^^^^^^^^^^
^^^^^^^^^^^^^^^^
  File "C:\Users\sach
i\AppData\Local\Progr
ams\Python\Python311\
Lib\site-packages\sql
alchemy\engine\base.p
y", line 1988, in 
_exec_single_context
    self._handle_dbap
i_exception(
  File "C:\Users\sach
i\AppData\Local\Progr
ams\Python\Python311\
Lib\site-packages\sql
alchemy\engine\base.p
y", line 2344, in _ha
ndle_dbapi_exception
    raise sqlalchemy_
exception.with_traceb
ack(exc_info[2]) 
from e
  File "C:\Users\sach
i\AppData\Local\Progr
ams\Python\Python311\
Lib\site-packages\sql
alchemy\engine\base.p
y", line 1969, in 
_exec_single_context
    self.dialect.do_e
xecute(
  File "C:\Users\sach
i\AppData\Local\Progr
ams\Python\Python311\
Lib\site-packages\sql
alchemy\engine\defaul
t.py", line 922, in 
do_execute
    cursor.execute(st
atement, parameters)
  File "C:\Users\sach
i\AppData\Local\Progr
ams\Python\Python311\
Lib\site-packages\sql
alchemy\dialects\post
gresql\asyncpg.py", 
line 580, in execute
    self._adapt_conne
ction.await_(
  File "C:\Users\sach
i\AppData\Local\Progr
ams\Python\Python311\
Lib\site-packages\sql
alchemy\util\_concurr
ency_py3k.py", line 
130, in await_only
    return current.dr
iver.switch(awaitable
)  # type: 
ignore[no-any-return]
           ^^^^^^^^^^
^^^^^^^^^^^^^^^^^^^^^
^
  File "C:\Users\sach
i\AppData\Local\Progr
ams\Python\Python311\
Lib\site-packages\sql
alchemy\util\_concurr
ency_py3k.py", line 
195, in 
greenlet_spawn
    value = await 
result
            
^^^^^^^^^^^^
  File "C:\Users\sach
i\AppData\Local\Progr
ams\Python\Python311\
Lib\site-packages\sql
alchemy\dialects\post
gresql\asyncpg.py", 
line 558, in 
_prepare_and_execute
    self._handle_exce
ption(error)
  File "C:\Users\sach
i\AppData\Local\Progr
ams\Python\Python311\
Lib\site-packages\sql
alchemy\dialects\post
gresql\asyncpg.py", 
line 509, in 
_handle_exception
    self._adapt_conne
ction._handle_excepti
on(error)
  File "C:\Users\sach
i\AppData\Local\Progr
ams\Python\Python311\
Lib\site-packages\sql
alchemy\dialects\post
gresql\asyncpg.py", 
line 797, in 
_handle_exception
    raise 
translated_error 
from error
sqlalchemy.exc.DBAPIE
rror: (sqlalchemy.dia
lects.postgresql.asyn
cpg.Error) <class 'as
yncpg.exceptions.Data
Error'>: invalid 
input for query 
argument $4: '2025-01
-01T10:00:00' 
(expected a 
datetime.date or 
datetime.datetime 
instance, got 'str')
[SQL: INSERT INTO 
event 
(eventbrite_id, 
title, description, 
start_time, 
end_time, url, 
image_url, 
venue_name, 
venue_address, 
organizer_name, 
is_free, 
online_event, 
category, capacity, r
egistration_deadline,
 meeting_link, meetin
g_link_private, 
timezone, raw_data, 
created_at) VALUES 
($1::VARCHAR, 
$2::VARCHAR, 
$3::VARCHAR, 
$4::TIMESTAMP 
WITHOUT TIME ZONE, 
$5::TIMESTAMP 
WITHOUT TIME ZONE, 
$6::VARCHAR, 
$7::VARCHAR, 
$8::VARCHAR, 
$9::VARCHAR, 
$10::VARCHAR, 
$11::BOOLEAN, 
$12::BOOLEAN, 
$13::VARCHAR, 
$14::INTEGER, 
$15::TIMESTAMP 
WITHOUT TIME ZONE, 
$16::VARCHAR, 
$17::BOOLEAN, 
$18::VARCHAR, 
$19::JSONB, 
$20::TIMESTAMP 
WITHOUT TIME ZONE) 
RETURNING event.id]
[parameters: 
('test_event_99999', 
'Original Title', 
'Original 
Description', '2025-0
1-01T10:00:00', '2025
-01-01T12:00:00', 'ht
tp://test.com/event',
 None, 'Test Venue', 
None, None, True, 
False, 'Business', 
None, None, None, 
True, 'UTC', '{}', da
tetime.datetime(2026,
 2, 18, 14, 46, 54, 
633366))]
(Background on this 
error at: https://sql
alche.me/e/20/dbapi)
