Registering user test_1770285294@example.com...
Logging in...
Creating Event...
Status Code: 200
Response: {"venue_address":"Online","meeting_link_private":true,"organizer_name":"Test User","timezone":"UTC","is_free":true,"raw_data":{"price":"0","agenda":[{"time":"10:00","title":"Intro","speaker":"Host"}],"source":"InfiniteBZ","capacity":100,"speakers":[{"name":"Host","role":"Organizer","imageUrl":""}],"created_by":"test_1770285294@example.com","tickets_meta":[{"name":"General Admission","type":"free","price":0.0,"quantity":100,"sales_end":null,"description":null,"sales_start":null,"max_quantity":10,"min_quantity":1}],"gallery_images":null,"organizer_email":null},"start_time":"2026-02-10T10:00:00","eventbrite_id":"chk-1f5a04a2-4a1f-4e59-8a01-20d81ef29d1a","description":"Generated Description","online_event":true,"end_time":"2026-02-10T12:00:00","category":"Business","created_at":"2026-02-05T15:25:01.624869","url":"https://infinitebz.com/events/chk-1f5a04a2-4a1f-4e59-8a01-20d81ef29d1a","capacity":100,"title":"Test AI Event","id":188,"image_url":"https://example.com/image.jpg","registration_deadline":null,"venue_name":"Online Event","meeting_link":"https://zoom.us/j/123"}
